../Core/Src/dac_and_dds_func.c:4:6:Relay_control	24	static
../Core/Src/dac_and_dds_func.c:74:6:CPLD_control	16	static
../Core/Src/dac_and_dds_func.c:90:6:DAC_Write	16	static
../Core/Src/dac_and_dds_func.c:105:6:DAC_Write_FAST	8	static
../Core/Src/dac_and_dds_func.c:113:6:DAC_SendInit	8	static
../Core/Src/dac_and_dds_func.c:138:6:DAC_TEMP_CAL	72	static
../Core/Src/dac_and_dds_func.c:196:6:DDS_Calculation	32	static
../Core/Src/dac_and_dds_func.c:220:6:DDS_Init	24	static
../Core/Src/dac_and_dds_func.c:291:6:DDS_Update	24	static
