../Core/Src/display.c:18:6:LcdSend	24	static
../Core/Src/display.c:38:6:LcdUpdate	16	static
../Core/Src/display.c:54:6:LcdClear	16	static
../Core/Src/display.c:64:6:LcdClear_massive	16	static
../Core/Src/display.c:73:6:LcdPixel	32	static
../Core/Src/display.c:98:6:LcdLine	48	static
../Core/Src/display.c:158:6:LcdGotoXYFont	16	static
../Core/Src/display.c:163:6:clean_lcd_buf	16	static
../Core/Src/display.c:171:6:LcdChr	24	static
../Core/Src/display.c:186:6:LcdChrInv	24	static
../Core/Src/display.c:201:6:LcdString	24	static
../Core/Src/display.c:214:6:LcdStringInv	24	static
../Core/Src/display.c:227:6:LcdChrBold	24	static
../Core/Src/display.c:263:6:LcdStringBold	24	static
../Core/Src/display.c:275:6:LcdChrBig	24	static
../Core/Src/display.c:308:6:LcdStringBig	24	static
../Core/Src/display.c:325:6:pulse_e	8	static
../Core/Src/display.c:331:6:send_nibble	16	static
../Core/Src/display.c:357:6:send_data	16	static
../Core/Src/display.c:365:6:send_command	16	static
../Core/Src/display.c:378:5:check_busy_flag	32	static
../Core/Src/display.c:404:6:Poweroff_LCD	8	static
../Core/Src/display.c:413:6:Poweron_LCD	8	static
../Core/Src/display.c:423:6:init_LCD	8	static
../Core/Src/display.c:459:6:init_LCD_pins	8	static
../Core/Src/display.c:465:6:lcd_write_byte	16	static
../Core/Src/display.c:476:6:LcdBarLine	40	static
