../Core/Src/display.c:16:6:LcdSend	24	static
../Core/Src/display.c:36:6:LcdUpdate	16	static
../Core/Src/display.c:52:6:LcdClear	16	static
../Core/Src/display.c:62:6:LcdClear_massive	16	static
../Core/Src/display.c:71:6:LcdPixel	32	static
../Core/Src/display.c:96:6:LcdLine	48	static
../Core/Src/display.c:156:6:LcdGotoXYFont	16	static
../Core/Src/display.c:161:6:clean_lcd_buf	16	static
../Core/Src/display.c:169:6:LcdChr	24	static
../Core/Src/display.c:184:6:LcdChrInv	24	static
../Core/Src/display.c:199:6:LcdString	24	static
../Core/Src/display.c:212:6:LcdStringInv	24	static
../Core/Src/display.c:225:6:LcdChrBold	24	static
../Core/Src/display.c:261:6:LcdStringBold	24	static
../Core/Src/display.c:273:6:LcdChrBig	24	static
../Core/Src/display.c:306:6:LcdStringBig	24	static
../Core/Src/display.c:323:6:pulse_e	8	static
../Core/Src/display.c:336:6:send_nibble	16	static
../Core/Src/display.c:362:6:send_data	16	static
../Core/Src/display.c:370:5:check_busy_flag	32	static
../Core/Src/display.c:396:6:init_LCD	8	static
../Core/Src/display.c:447:6:init_LCD_pins	8	static
../Core/Src/display.c:453:6:lcd_write_byte	16	static
