../Core/Src/display.c:16:6:LcdSend	24	static
../Core/Src/display.c:36:6:LcdUpdate	16	static
../Core/Src/display.c:51:6:LcdClear	16	static
../Core/Src/display.c:61:6:LcdClear_massive	16	static
../Core/Src/display.c:70:6:LcdPixel	32	static
../Core/Src/display.c:95:6:LcdLine	48	static
../Core/Src/display.c:155:6:LcdGotoXYFont	16	static
../Core/Src/display.c:160:6:clean_lcd_buf	16	static
../Core/Src/display.c:168:6:LcdChr	24	static
../Core/Src/display.c:183:6:LcdChrInv	24	static
../Core/Src/display.c:198:6:LcdString	24	static
../Core/Src/display.c:211:6:LcdStringInv	24	static
../Core/Src/display.c:224:6:LcdChrBold	24	static
../Core/Src/display.c:260:6:LcdStringBold	24	static
../Core/Src/display.c:272:6:LcdChrBig	24	static
../Core/Src/display.c:305:6:LcdStringBig	24	static
../Core/Src/display.c:322:6:pulse_e	8	static
../Core/Src/display.c:328:6:send_nibble	16	static
../Core/Src/display.c:354:6:send_data	16	static
../Core/Src/display.c:362:5:check_busy_flag	32	static
../Core/Src/display.c:388:6:init_LCD	8	static
../Core/Src/display.c:441:6:init_LCD_pins	8	static
../Core/Src/display.c:447:6:lcd_write_byte	16	static
../Core/Src/display.c:458:6:LcdBarLine	40	static
