../Core/Src/function.c:76:6:output_state	24	static
../Core/Src/function.c:145:6:display_screen	40	static
../Core/Src/function.c:210:6:send_answer_to_CDC	24	static
../Core/Src/function.c:243:6:cmd_SWEEP_START	8	static
../Core/Src/function.c:255:6:cmd_SWEEP_STOP	8	static
../Core/Src/function.c:264:6:cmd_DAC_SET	16	static
../Core/Src/function.c:287:17:cmd_SET_OUTPUT_VOLTAGE	24	static
../Core/Src/function.c:322:17:cmd_SWEEP_RATE	16	static
../Core/Src/function.c:348:17:cmd_CAL	24	static
../Core/Src/function.c:409:6:load_data_from_EEPROM	8	static
../Core/Src/function.c:430:7:binary_to_float	24	static
../Core/Src/function.c:441:10:float_to_binary	32	static
../Core/Src/function.c:461:10:EEPROM_read	24	static
../Core/Src/function.c:478:6:EEPROM_write	24	static
