../Core/Src/main.c:99:1:USB_rx_command_buffer_push_refd	16	static
../Core/Src/main.c:99:1:USB_rx_command_buffer_pop_refd	16	static
../Core/Src/main.c:99:1:USB_rx_command_buffer_peek_refd	16	static
../Core/Src/main.c:164:5:main	104	static
../Core/Src/main.c:526:6:SystemClock_Config	80	static
../Core/Src/main.c:568:13:MX_NVIC_Init	8	static
../Core/Src/main.c:580:6:HAL_TIM_PeriodElapsedCallback	16	static
../Core/Src/main.c:626:17:HAL_GPIO_EXTI_Callback	16	static
../Core/Src/main.c:693:6:Parsing_USB_command	240	static
../Core/Src/main.c:1178:6:Write_to_circ_buffer	16	static
../Core/Src/main.c:1191:6:Error_Handler	4	static,ignoring_inline_asm
