../Core/Src/main.c:97:1:USB_rx_command_buffer_push_refd	16	static
../Core/Src/main.c:97:1:USB_rx_command_buffer_pop_refd	16	static
../Core/Src/main.c:97:1:USB_rx_command_buffer_peek_refd	16	static
../Core/Src/main.c:155:5:main	96	static
../Core/Src/main.c:341:6:SystemClock_Config	80	static
../Core/Src/main.c:383:13:MX_NVIC_Init	8	static
../Core/Src/main.c:395:6:HAL_TIM_PeriodElapsedCallback	16	static
../Core/Src/main.c:416:17:HAL_GPIO_EXTI_Callback	16	static
../Core/Src/main.c:475:6:Parsing_USB_command	240	static
../Core/Src/main.c:957:6:Write_to_circ_buffer	16	static
../Core/Src/main.c:970:6:Error_Handler	4	static,ignoring_inline_asm
