../Core/Src/tmp117.c:23:10:TMP117_get_Temperature	24	static
../Core/Src/tmp117.c:47:10:TMP117_get_Configuration	16	static
../Core/Src/tmp117.c:66:6:TMP117_set_Configuration	16	static
../Core/Src/tmp117.c:85:6:TMP117_set_HighLimit	16	static
../Core/Src/tmp117.c:103:10:TMP117_get_HighLimit	16	static
../Core/Src/tmp117.c:123:6:TMP117_set_LowLimit	16	static
../Core/Src/tmp117.c:141:10:TMP117_get_LowLimit	16	static
../Core/Src/tmp117.c:159:10:TMP117_get_EEPROM_Unclock	16	static
../Core/Src/tmp117.c:179:6:TMP117_set_EEPROM_Unlock	16	static
../Core/Src/tmp117.c:199:6:TMP117_set_EEPROM1	16	static
../Core/Src/tmp117.c:216:10:TMP117_get_EEPROM1	16	static
../Core/Src/tmp117.c:236:6:TMP117_set_EEPROM2	16	static
../Core/Src/tmp117.c:253:10:TMP117_get_EEPROM2	16	static
../Core/Src/tmp117.c:272:6:TMP117_set_EEPROM3	16	static
../Core/Src/tmp117.c:289:10:TMP117_get_EEPROM3	16	static
../Core/Src/tmp117.c:309:6:TMP117_set_Temperature_Offset	16	static
../Core/Src/tmp117.c:327:10:TMP117_get_Temperature_Offset	16	static
../Core/Src/tmp117.c:345:10:TMP117_get_ID_Register	16	static
../Core/Src/tmp117.c:363:6:TMP117_Initialization	88	static
../Core/Src/tmp117.c:379:6:TMP117_Initialization_DEFAULT	88	static
